data: <IDS|MSG> more: True
data: 69a06216fe9f50f6d5341e7c5e5aab6ada2d18527d737d70f066a9db6efd6dfa more: True
data: {"msg_id":"00000000-0000-0000-0000-000000000000","username":"dotnet_kernel","session":"test session","date":"0001-01-01T00:00:00Z","msg_type":"execute_result","version":"5.3"} more: True
data: {} more: True
data: {"polyglot_notebook":{"language":"fsharp"}} more: True
data: {"data":{"text/html":"some result","text/plain":"some result"},"metadata":{},"transient":{"display_id":"none"},"execution_count":12} more: False
